ðŸŒŸ This was machine generated.  Do not edit. ðŸŒŸ

Frame[0] {
    "executedQueryString": "Expr: query1"
}
Name: 
Dimensions: 5 Fields by 6 Rows
+------------------------------+-----------------------------------------+------------------+---------------------+---------------------------------+
| Name: labels                 | Name: time                              | Name: line       | Name: tsNs          | Name: id                        |
| Labels:                      | Labels:                                 | Labels:          | Labels:             | Labels:                         |
| Type: []string               | Type: []time.Time                       | Type: []string   | Type: []string      | Type: []string                  |
+------------------------------+-----------------------------------------+------------------+---------------------+---------------------------------+
| level=error, location=moonðŸŒ™ | 2022-02-16 16:50:44.81075712 +0000 UTC  | log line error 1 | 1645030244810757120 | 1645030244810757120_7967cdab_   |
| level=info, location=moonðŸŒ™  | 2022-02-16 16:50:47.02773504 +0000 UTC  | log line info 1  | 1645030247027735040 | 1645030247027735040_2d5b1dd_    |
| level=info, location=moonðŸŒ™  | 2022-02-16 16:50:46.277587968 +0000 UTC | log line info 2  | 1645030246277587968 | 1645030246277587968_2f525e76_   |
| level=info, location=moonðŸŒ™  | 2022-02-16 16:50:46.277587968 +0000 UTC | log line info 2  | 1645030246277587968 | 1645030246277587968_2f525e76_1_ |
| level=info, location=moonðŸŒ™  | 2022-02-16 16:50:45.539423744 +0000 UTC | log line info 3  | 1645030245539423744 | 1645030245539423744_323a7e5f_   |
| level=info, location=moonðŸŒ™  | 2022-02-16 16:50:44.091700992 +0000 UTC | log line info 4  | 1645030244091700992 | 1645030244091700992_681099d0_   |
+------------------------------+-----------------------------------------+------------------+---------------------+---------------------------------+


====== TEST DATA RESPONSE (arrow base64) ======
FRAME=QVJST1cxAAD/////4AIAABAAAAAAAAoADgAMAAsABAAKAAAAFAAAAAAAAAEEAAoADAAAAAgABAAKAAAACAAAAJgAAAADAAAATAAAACgAAAAEAAAArP3//wgAAAAMAAAAAAAAAAAAAAAFAAAAcmVmSWQAAADM/f//CAAAAAwAAAAAAAAAAAAAAAQAAABuYW1lAAAAAOz9//8IAAAAMAAAACYAAAB7ImV4ZWN1dGVkUXVlcnlTdHJpbmciOiJFeHByOiBxdWVyeTEifQAABAAAAG1ldGEAAAAABQAAAKwBAAA0AQAA2AAAAFgAAAAEAAAAev7//xQAAAA4AAAAOAAAAAAAAAU0AAAAAQAAAAQAAABo/v//CAAAAAwAAAACAAAAaWQAAAQAAABuYW1lAAAAAAAAAABc/v//AgAAAGlkAADK/v//FAAAAGAAAABgAAAAAAAABVwAAAACAAAALAAAAAQAAAC8/v//CAAAABAAAAAEAAAAdHNOcwAAAAAEAAAAbmFtZQAAAADg/v//CAAAAAwAAAACAAAAe30AAAYAAABsYWJlbHMAAAAAAADU/v//BAAAAHRzTnMAAAAARv///xQAAAA8AAAAPAAAAAAAAAU4AAAAAQAAAAQAAAA0////CAAAABAAAAAEAAAAbGluZQAAAAAEAAAAbmFtZQAAAAAAAAAALP///wQAAABsaW5lAAAAAJ7///8UAAAAPAAAAEQAAAAAAAAKRAAAAAEAAAAEAAAAjP///wgAAAAQAAAABAAAAHRpbWUAAAAABAAAAG5hbWUAAAAAAAAAAAAABgAIAAYABgAAAAAAAwAEAAAAdGltZQAAEgAYABQAAAATAAwAAAAIAAQAEgAAABQAAABEAAAASAAAAAAAAAVEAAAAAQAAAAwAAAAIAAwACAAEAAgAAAAIAAAAEAAAAAYAAABsYWJlbHMAAAQAAABuYW1lAAAAAAAAAAAEAAQABAAAAAYAAABsYWJlbHMAAAAAAAD/////iAEAABQAAAAAAAAADAAWABQAEwAMAAQADAAAAOgCAAAAAAAAFAAAAAAAAAMEAAoAGAAMAAgABAAKAAAAFAAAAPgAAAAGAAAAAAAAAAAAAAAOAAAAAAAAAAAAAAAAAAAAAAAAAAAAAAAAAAAAHAAAAAAAAAAgAAAAAAAAAK8AAAAAAAAA0AAAAAAAAAAAAAAAAAAAANAAAAAAAAAAMAAAAAAAAAAAAQAAAAAAAAAAAAAAAAAAAAEAAAAAAAAcAAAAAAAAACABAAAAAAAAWwAAAAAAAACAAQAAAAAAAAAAAAAAAAAAgAEAAAAAAAAcAAAAAAAAAKABAAAAAAAAcgAAAAAAAAAYAgAAAAAAAAAAAAAAAAAAGAIAAAAAAAAcAAAAAAAAADgCAAAAAAAArwAAAAAAAAAAAAAABQAAAAYAAAAAAAAAAAAAAAAAAAAGAAAAAAAAAAAAAAAAAAAABgAAAAAAAAAAAAAAAAAAAAYAAAAAAAAAAAAAAAAAAAAGAAAAAAAAAAAAAAAAAAAAAAAAAB4AAAA7AAAAWAAAAHUAAACSAAAArwAAAAAAAABsZXZlbD1lcnJvciwgbG9jYXRpb249bW9vbvCfjJlsZXZlbD1pbmZvLCBsb2NhdGlvbj1tb29u8J+MmWxldmVsPWluZm8sIGxvY2F0aW9uPW1vb27wn4yZbGV2ZWw9aW5mbywgbG9jYXRpb249bW9vbvCfjJlsZXZlbD1pbmZvLCBsb2NhdGlvbj1tb29u8J+MmWxldmVsPWluZm8sIGxvY2F0aW9uPW1vb27wn4yZAAAUuLpKUtQWAHrcPktS1BYAJCYSS1LUFgAkJhJLUtQWAKYm5kpS1BYAJ9yPSlLUFgAAAAAQAAAAHwAAAC4AAAA9AAAATAAAAFsAAAAAAAAAbG9nIGxpbmUgZXJyb3IgMWxvZyBsaW5lIGluZm8gMWxvZyBsaW5lIGluZm8gMmxvZyBsaW5lIGluZm8gMmxvZyBsaW5lIGluZm8gM2xvZyBsaW5lIGluZm8gNAAAAAAAAAAAABMAAAAmAAAAOQAAAEwAAABfAAAAcgAAAAAAAAAxNjQ1MDMwMjQ0ODEwNzU3MTIwMTY0NTAzMDI0NzAyNzczNTA0MDE2NDUwMzAyNDYyNzc1ODc5NjgxNjQ1MDMwMjQ2Mjc3NTg3OTY4MTY0NTAzMDI0NTUzOTQyMzc0NDE2NDUwMzAyNDQwOTE3MDA5OTIAAAAAAAAAAAAAHQAAADkAAABWAAAAdQAAAJIAAACvAAAAAAAAADE2NDUwMzAyNDQ4MTA3NTcxMjBfNzk2N2NkYWJfMTY0NTAzMDI0NzAyNzczNTA0MF8yZDViMWRkXzE2NDUwMzAyNDYyNzc1ODc5NjhfMmY1MjVlNzZfMTY0NTAzMDI0NjI3NzU4Nzk2OF8yZjUyNWU3Nl8xXzE2NDUwMzAyNDU1Mzk0MjM3NDRfMzIzYTdlNWZfMTY0NTAzMDI0NDA5MTcwMDk5Ml82ODEwOTlkMF8AEAAAAAwAFAASAAwACAAEAAwAAAAQAAAALAAAADgAAAAAAAQAAQAAAPACAAAAAAAAkAEAAAAAAADoAgAAAAAAAAAAAAAAAAAAAAAKAAwAAAAIAAQACgAAAAgAAACYAAAAAwAAAEwAAAAoAAAABAAAAKz9//8IAAAADAAAAAAAAAAAAAAABQAAAHJlZklkAAAAzP3//wgAAAAMAAAAAAAAAAAAAAAEAAAAbmFtZQAAAADs/f//CAAAADAAAAAmAAAAeyJleGVjdXRlZFF1ZXJ5U3RyaW5nIjoiRXhwcjogcXVlcnkxIn0AAAQAAABtZXRhAAAAAAUAAACsAQAANAEAANgAAABYAAAABAAAAHr+//8UAAAAOAAAADgAAAAAAAAFNAAAAAEAAAAEAAAAaP7//wgAAAAMAAAAAgAAAGlkAAAEAAAAbmFtZQAAAAAAAAAAXP7//wIAAABpZAAAyv7//xQAAABgAAAAYAAAAAAAAAVcAAAAAgAAACwAAAAEAAAAvP7//wgAAAAQAAAABAAAAHRzTnMAAAAABAAAAG5hbWUAAAAA4P7//wgAAAAMAAAAAgAAAHt9AAAGAAAAbGFiZWxzAAAAAAAA1P7//wQAAAB0c05zAAAAAEb///8UAAAAPAAAADwAAAAAAAAFOAAAAAEAAAAEAAAANP///wgAAAAQAAAABAAAAGxpbmUAAAAABAAAAG5hbWUAAAAAAAAAACz///8EAAAAbGluZQAAAACe////FAAAADwAAABEAAAAAAAACkQAAAABAAAABAAAAIz///8IAAAAEAAAAAQAAAB0aW1lAAAAAAQAAABuYW1lAAAAAAAAAAAAAAYACAAGAAYAAAAAAAMABAAAAHRpbWUAABIAGAAUAAAAEwAMAAAACAAEABIAAAAUAAAARAAAAEgAAAAAAAAFRAAAAAEAAAAMAAAACAAMAAgABAAIAAAACAAAABAAAAAGAAAAbGFiZWxzAAAEAAAAbmFtZQAAAAAAAAAABAAEAAQAAAAGAAAAbGFiZWxzAAAIAwAAQVJST1cx
